// Jest Snapshot v1, https://goo.gl/fbAQLP

exports[`RelatedResource it renders 1`] = `
<Field
  brief={
    Object {
      "description": "qvain.history.relatedResource.description",
      "title": "qvain.history.relatedResource.title",
    }
  }
>
  <RelatedResourceContent />
</Field>
`;
