// Jest Snapshot v1, https://goo.gl/fbAQLP

exports[`FilterSection should render <FilterSection /> 1`] = `ShallowWrapper {}`;
