// Jest Snapshot v1, https://goo.gl/fbAQLP

exports[`Qvain.Actors should render correctly 1`] = `
<div
  className="container"
>
  <styled.h2>
    <Translate
      component="span"
      content="qvain.actors.title"
    />
    <Tooltip
      align="Right"
      close={[Function]}
      isOpen={false}
      text={<ActorsInfoTooltip />}
    >
      <HelpIcon
        aria-label="Actors info"
        onClick={[Function]}
      />
    </Tooltip>
  </styled.h2>
  <inject-ActorModalBase-with-Stores />
  <styled.div>
    <inject-AddedActorsBase-with-Stores />
    <styled.div>
      <Styled(styled.button)
        disabled={false}
        onClick={[Function]}
        type="button"
      >
        <Translate
          component="span"
          content="qvain.actors.addButton"
        />
      </Styled(styled.button)>
    </styled.div>
  </styled.div>
</div>
`;

exports[`Qvain.Actors store converts dataset for backend 1`] = `
Array [
  Object {
    "organizations": Array [
      Object {
        "email": undefined,
        "identifier": "http://uri.suomi.fi/codelist/fairdata/organization/code/10076",
        "name": Object {
          "en": "Aalto University",
          "fi": "Aalto yliopisto",
          "sv": "Aalto universitetet",
          "und": "Aalto yliopisto",
        },
      },
    ],
    "person": Object {
      "email": "asdasd@test.com",
      "identifier": undefined,
      "name": "Asdasd J. Qwerty",
    },
    "roles": Array [
      "publisher",
      "creator",
    ],
    "type": "person",
  },
  Object {
    "organizations": Array [
      Object {
        "email": undefined,
        "identifier": "http://uri.suomi.fi/codelist/fairdata/organization/code/10076",
        "name": Object {
          "en": "Aalto University",
          "fi": "Aalto yliopisto",
          "sv": "Aalto universitetet",
          "und": "Aalto yliopisto",
        },
      },
      Object {
        "email": undefined,
        "identifier": "http://uri.suomi.fi/codelist/fairdata/organization/code/10076-A802",
        "name": Object {
          "en": "Department of Media",
          "fi": "Department of Media",
          "und": "Department of Media",
        },
      },
    ],
    "person": undefined,
    "roles": Array [
      "curator",
      "creator",
    ],
    "type": "organization",
  },
  Object {
    "organizations": Array [
      Object {
        "email": undefined,
        "identifier": undefined,
        "name": Object {
          "en": "Some University",
        },
      },
    ],
    "person": Object {
      "email": undefined,
      "identifier": undefined,
      "name": "Teppo Testihenkil√∂",
    },
    "roles": Array [
      "creator",
      "rights_holder",
      "contributor",
    ],
    "type": "person",
  },
  Object {
    "organizations": Array [
      Object {
        "email": undefined,
        "identifier": "http://example.com/org",
        "name": Object {
          "en": "Some Organization",
        },
      },
    ],
    "person": undefined,
    "roles": Array [
      "creator",
    ],
    "type": "organization",
  },
  Object {
    "organizations": Array [
      Object {
        "email": undefined,
        "identifier": "http://uri.suomi.fi/codelist/fairdata/organization/code/NOT-REALLY-REFERENCE-ORG",
        "name": Object {
          "en": "Not Really a Reference Org",
        },
      },
      Object {
        "email": undefined,
        "identifier": undefined,
        "name": Object {
          "en": "Manual Org",
        },
      },
    ],
    "person": undefined,
    "roles": Array [
      "creator",
    ],
    "type": "organization",
  },
]
`;
